[jacobchilds.info/index.html]
[backblue.gif]
[fade.gif]
[index.html]
[jacobchilds.info/js/common-bundlec85d.js]
[jacobchilds.info/css/common-bundlec85d.css]
[jacobchilds.info/css/a188dd9fa6f10001d81e7f3ea4257c29-bundlec85d.css]
[jacobchilds.info/gallery/ilya-pavlov-87438-unsplash-ts155954701828d4.jpg]
[jacobchilds.info/About-me/index.html]
[jacobchilds.info/Portfolio/index.html]
[jacobchilds.info/gallery/eb6b9f776a4d4ba5802445cd6854d56d.lock28d4.png]
[jacobchilds.info/index.html]
[jacobchilds.info/js/a188dd9fa6f10001d81e7f3ea4257c29-bundlec85d.js]
[jacobchilds.info/Resume/index.html]
[jacobchilds.info/fonts/glyphicons-halflings-regular.eot]
[jacobchilds.info/fonts/glyphicons-halflings-regulard41d.eot]
[jacobchilds.info/fonts/glyphicons-halflings-regular.woff2]
[jacobchilds.info/fonts/glyphicons-halflings-regular.woff]
[jacobchilds.info/fonts/glyphicons-halflings-regular.ttf]
[jacobchilds.info/fonts/glyphicons-halflings-regular.svg]
[jacobchilds.info/img/icon-logo.svg]
[jacobchilds.info/img/icon-logo-red.svg]
[jacobchilds.info/img/flags_matrix.png]
[jacobchilds.info/css/fonts/fontawesome-webfont3e6e.eot]
[jacobchilds.info/css/fonts/fontawesome-webfontd41d.eot]
[jacobchilds.info/css/fonts/fontawesome-webfont3e6e.woff2]
[jacobchilds.info/css/fonts/fontawesome-webfont3e6e.woff]
[jacobchilds.info/css/fonts/fontawesome-webfont3e6e.ttf]
[jacobchilds.info/css/fonts/fontawesome-webfont3e6e.svg]
[jacobchilds.info/css/fonts/builder-ui-icons-plugins4071.eot]
[jacobchilds.info/css/fonts/builder-ui-icons-plugins4071.ttf]
[jacobchilds.info/css/fonts/builder-ui-icons-plugins4071.woff]
[jacobchilds.info/css/common-bundlec85d.css]
[jacobchilds.info/css/fonts/builder-ui-icons-plugins4071.svg]
[jacobchilds.info/gallery_gen/07b004cd07e61736626bb1cd9c0de1b3_238x238_fit.jpg]
[jacobchilds.info/gallery_gen/c52a1052f70300a1d4dbc74f615c9a07_fit.jpg]
[jacobchilds.info/css/a188dd9fa6f10001d81e7f3ea4257c29-bundlec85d.css]
[jacobchilds.info/css/a188dd9fa6f101dd4d51d4c5cde0a8a0-bundlec85d.css]
[jacobchilds.info/gallery_gen/c240d480f765944e796929f630c98fc3_744x560_fit0ccc.jpg]
[jacobchilds.info/gallery/eb6b9f776a4d4ba5802445cd6854d56d.lock0ccc.png]
[jacobchilds.info/About-me/index.html]
[jacobchilds.info/css/a18fbc99a2ce0057347a380b397ff701-bundlec85d.css]
[jacobchilds.info/Portfolio/index.html]
[jacobchilds.info/css/a188dd9fa6f1022f20487adee1450f65-bundlec85d.css]
[jacobchilds.info/gallery/Jacob Childs Resume 1-30-24.pdf]
[jacobchilds.info/Resume/index.html]
[jacobchilds.info/fonts/glyphicons-halflings-regular.svg]
[jacobchilds.info/img/icon-logo.html]
[jacobchilds.info/img/icon-logo-red.html]
[jacobchilds.info/img/flags_matrix.html]
[jacobchilds.info/css/fonts/fontawesome-webfont3e6e.svg]
[jacobchilds.info/css/fonts/builder-ui-icons-plugins4071.svg]
[jacobchilds.info/js/a188dd9fa6f101dd4d51d4c5cde0a8a0-bundlec85d.js]
[jacobchilds.info/gallery_gen/f059bd38898f5580ae210c3e6b1f3f03_fit.jpg]
[jacobchilds.info/css/a188dd9fa6f101dd4d51d4c5cde0a8a0-bundlec85d.css]
[jacobchilds.info/js/a18fbc99a2ce0057347a380b397ff701-bundlec85d.js]
[jacobchilds.info/css/a18fbc99a2ce0057347a380b397ff701-bundlec85d.css]
[jacobchilds.info/js/a188dd9fa6f1022f20487adee1450f65-bundlec85d.js]
[jacobchilds.info/css/a188dd9fa6f1022f20487adee1450f65-bundlec85d.css]
